src/components/common/Button.tsx(64,56): error TS2339: Property 'text' does not exist on type '{ primary: string; primaryDark: string; primaryLight: string; accent: string; success: string; warning: string; error: string; background: string; backgroundSecondary: string; surface: string; ... 12 more ...; habitGradients: { ...; }; }'.
src/components/common/Button.tsx(104,13): error TS2769: No overload matches this call.
  Overload 1 of 2, '(props: LinearGradientProps): LinearGradient', gave the following error.
    Type 'readonly ["#667EEA", "#764BA2"] | string[]' is not assignable to type 'readonly [ColorValue, ColorValue, ...ColorValue[]]'.
      Type 'string[]' is not assignable to type 'readonly [ColorValue, ColorValue, ...ColorValue[]]'.
        Source provides no match for required element at position 0 in target.
  Overload 2 of 2, '(props: LinearGradientProps, context: any): LinearGradient', gave the following error.
    Type 'readonly ["#667EEA", "#764BA2"] | string[]' is not assignable to type 'readonly [ColorValue, ColorValue, ...ColorValue[]]'.
      Type 'string[]' is not assignable to type 'readonly [ColorValue, ColorValue, ...ColorValue[]]'.
        Source provides no match for required element at position 0 in target.
src/components/common/Button.tsx(112,58): error TS2339: Property 'light' does not exist on type '{ soft: { shadowColor: string; shadowOffset: { width: number; height: number; }; shadowOpacity: number; shadowRadius: number; elevation: number; }; medium: { shadowColor: string; shadowOffset: { width: number; height: number; }; shadowOpacity: number; shadowRadius: number; elevation: number; }; heavy: { ...; }; }'.
src/components/common/Card.tsx(14,31): error TS2307: Cannot find module '../store/themeStore' or its corresponding type declarations.
src/components/common/Card.tsx(15,40): error TS2307: Cannot find module '../utils/theme' or its corresponding type declarations.
src/components/common/Card.tsx(32,33): error TS7006: Parameter 'state' implicitly has an 'any' type.
src/components/ErrorBoundary.tsx(78,29): error TS2339: Property 'card' does not exist on type '{ primary: string; primaryDark: string; primaryLight: string; accent: string; success: string; warning: string; error: string; background: string; backgroundSecondary: string; surface: string; ... 12 more ...; habitGradients: { ...; }; }'.
src/components/ErrorBoundary.tsx(91,19): error TS2339: Property 'text' does not exist on type '{ primary: string; primaryDark: string; primaryLight: string; accent: string; success: string; warning: string; error: string; background: string; backgroundSecondary: string; surface: string; ... 12 more ...; habitGradients: { ...; }; }'.
src/components/habit/HabitCard.tsx(16,23): error TS2307: Cannot find module '@types/habit.types' or its corresponding type declarations.
src/components/habit/HabitCard.tsx(16,23): error TS6137: Cannot import type declaration files. Consider importing 'habit.types' instead of '@types/habit.types'.
src/components/habit/HabitCard.tsx(17,10): error TS2305: Module '"@utils/constants"' has no exported member 'HABIT_ICONS'.
src/components/habit/HabitCard.tsx(37,3): error TS4104: The type 'readonly ["#667EEA", "#764BA2"]' is 'readonly' and cannot be assigned to the mutable type 'string[]'.
src/components/habit/HabitCard.tsx(71,11): error TS2769: No overload matches this call.
  Overload 1 of 2, '(props: LinearGradientProps): LinearGradient', gave the following error.
    Type 'string[]' is not assignable to type 'readonly [ColorValue, ColorValue, ...ColorValue[]]'.
      Source provides no match for required element at position 0 in target.
  Overload 2 of 2, '(props: LinearGradientProps, context: any): LinearGradient', gave the following error.
    Type 'string[]' is not assignable to type 'readonly [ColorValue, ColorValue, ...ColorValue[]]'.
      Source provides no match for required element at position 0 in target.
src/components/habit/HabitCard.tsx(74,40): error TS2339: Property 'large' does not exist on type '{ soft: { shadowColor: string; shadowOffset: { width: number; height: number; }; shadowOpacity: number; shadowRadius: number; elevation: number; }; medium: { shadowColor: string; shadowOffset: { width: number; height: number; }; shadowOpacity: number; shadowRadius: number; elevation: number; }; heavy: { ...; }; }'.
src/constants/community.ts(195,9): error TS7034: Variable 'triggers' implicitly has type 'any[]' in some locations where its type cannot be determined.
src/constants/community.ts(201,10): error TS7005: Variable 'triggers' implicitly has an 'any[]' type.
src/hooks/useNotifications.ts(7,35): error TS2322: Type 'Promise<{ shouldShowAlert: true; shouldPlaySound: true; shouldSetBadge: false; }>' is not assignable to type 'Promise<NotificationBehavior>'.
  Type '{ shouldShowAlert: true; shouldPlaySound: true; shouldSetBadge: false; }' is missing the following properties from type 'NotificationBehavior': shouldShowBanner, shouldShowList
src/hooks/useNotifications.ts(51,9): error TS2322: Type '{ hour: number; minute: number; repeats: true; }' is not assignable to type 'NotificationTriggerInput'.
  Property 'type' is missing in type '{ hour: number; minute: number; repeats: true; }' but required in type 'CalendarTriggerInput'.
src/navigation/AppNavigator.tsx(204,33): error TS2322: Type '(screen: Screen) => void' is not assignable to type '(screen: string) => void'.
  Types of parameters 'screen' and 'screen' are incompatible.
    Type 'string' is not assignable to type 'Screen'.
src/navigation/AppNavigator.tsx(219,51): error TS2322: Type '(screen: Screen) => void' is not assignable to type '(screen: string) => void'.
  Types of parameters 'screen' and 'screen' are incompatible.
    Type 'string' is not assignable to type 'Screen'.
src/navigation/AppNavigator.tsx(225,30): error TS2322: Type '(screen: Screen) => void' is not assignable to type '(screen: string, data?: any) => void'.
  Types of parameters 'screen' and 'screen' are incompatible.
    Type 'string' is not assignable to type 'Screen'.
src/navigation/AppNavigator.tsx(228,34): error TS2322: Type '(screen: Screen) => void' is not assignable to type '(screen: string, data?: any) => void'.
  Types of parameters 'screen' and 'screen' are incompatible.
    Type 'string' is not assignable to type 'Screen'.
src/navigation/AppNavigator.tsx(290,35): error TS2322: Type '(screen: Screen) => void' is not assignable to type '(screen: string) => void'.
  Types of parameters 'screen' and 'screen' are incompatible.
    Type 'string' is not assignable to type 'Screen'.
src/navigation/AppNavigator.tsx(317,32): error TS2322: Type '(screen: Screen) => void' is not assignable to type '(screen: string) => void'.
  Types of parameters 'screen' and 'screen' are incompatible.
    Type 'string' is not assignable to type 'Screen'.
src/navigation/AppNavigator.tsx(333,43): error TS2345: Argument of type 'undefined' is not assignable to parameter of type 'number'.
src/navigation/AppNavigator.tsx(353,43): error TS2345: Argument of type 'undefined' is not assignable to parameter of type 'number'.
src/navigation/AppNavigator.tsx(373,43): error TS2345: Argument of type 'undefined' is not assignable to parameter of type 'number'.
src/navigation/AppNavigator.tsx(394,43): error TS2345: Argument of type 'undefined' is not assignable to parameter of type 'number'.
src/navigation/AppNavigator.tsx(414,43): error TS2345: Argument of type 'undefined' is not assignable to parameter of type 'number'.
src/navigation/AppNavigator.tsx(434,43): error TS2345: Argument of type 'undefined' is not assignable to parameter of type 'number'.
src/navigation/AppNavigator.tsx(454,43): error TS2345: Argument of type 'undefined' is not assignable to parameter of type 'number'.
src/navigation/AppNavigator.tsx(466,13): error TS2322: Type '(screen: Screen) => void' is not assignable to type '(screen: string) => void'.
  Types of parameters 'screen' and 'screen' are incompatible.
    Type 'string' is not assignable to type 'Screen'.
src/navigation/AppNavigator.tsx(487,32): error TS2322: Type '(screen: Screen) => void' is not assignable to type '(screen: string) => void'.
  Types of parameters 'screen' and 'screen' are incompatible.
    Type 'string' is not assignable to type 'Screen'.
src/navigation/AppNavigator.tsx(490,33): error TS2322: Type '(screen: Screen) => void' is not assignable to type '(screen: string) => void'.
  Types of parameters 'screen' and 'screen' are incompatible.
    Type 'string' is not assignable to type 'Screen'.
src/navigation/AppNavigator.tsx(494,30): error TS2322: Type '(screen: Screen) => void' is not assignable to type '(screen: string) => void'.
  Types of parameters 'screen' and 'screen' are incompatible.
    Type 'string' is not assignable to type 'Screen'.
src/navigation/AppNavigator.tsx(498,30): error TS2322: Type '(screen: Screen) => void' is not assignable to type '(screen: string) => void'.
  Types of parameters 'screen' and 'screen' are incompatible.
    Type 'string' is not assignable to type 'Screen'.
src/navigation/AppNavigator.tsx(535,33): error TS2322: Type '(screen: Screen) => void' is not assignable to type '(screen: string) => void'.
  Types of parameters 'screen' and 'screen' are incompatible.
    Type 'string' is not assignable to type 'Screen'.
src/screens/accountability/PartnerHomeScreen.tsx(61,27): error TS7006: Parameter 'code' implicitly has an 'any' type.
src/screens/ai/AIPhotoAnalysisScreen.tsx(287,19): error TS2769: No overload matches this call.
  Overload 1 of 2, '(props: LinearGradientProps): LinearGradient', gave the following error.
    Type 'string[]' is not assignable to type 'readonly [ColorValue, ColorValue, ...ColorValue[]]'.
      Source provides no match for required element at position 0 in target.
  Overload 2 of 2, '(props: LinearGradientProps, context: any): LinearGradient', gave the following error.
    Type 'string[]' is not assignable to type 'readonly [ColorValue, ColorValue, ...ColorValue[]]'.
      Source provides no match for required element at position 0 in target.
src/screens/analytics/DeepInsights.tsx(50,54): error TS2339: Property 'resisted' does not exist on type 'UrgeLog'.
src/screens/analytics/DeepInsights.tsx(131,40): error TS2339: Property 'warning' does not exist on type '{ primary: string; success: string; error: string; background: string; surface: string; text: string; textSecondary: string; textTertiary: string; border: string; gradientPurple: [string, string]; }'.
src/screens/analytics/DeepInsights.tsx(164,41): error TS2339: Property 'resisted' does not exist on type 'UrgeLog'.
src/screens/community/CommunityFeedScreen.tsx(60,17): error TS2345: Argument of type 'string | null' is not assignable to parameter of type 'string | undefined'.
  Type 'null' is not assignable to type 'string | undefined'.
src/screens/community/CommunityFeedScreen.tsx(76,33): error TS2345: Argument of type 'string | null' is not assignable to parameter of type 'string | undefined'.
  Type 'null' is not assignable to type 'string | undefined'.
src/screens/community/CreatePostScreen.tsx(163,40): error TS2345: Argument of type '{ title: string; content: string; category: string; images: string[] | undefined; }' is not assignable to parameter of type '{ title: string; content: string; category: "success" | "support" | "question" | "motivation" | "general"; images?: string[] | undefined; }'.
  Types of property 'category' are incompatible.
    Type 'string' is not assignable to type '"success" | "support" | "question" | "motivation" | "general"'.
src/screens/community/GroupChallenges.tsx(15,10): error TS2305: Module '"./CommunityHub"' has no exported member 'communityData'.
src/screens/community/GroupChallenges.tsx(30,27): error TS7006: Parameter 'g' implicitly has an 'any' type.
src/screens/community/GroupChallenges.tsx(30,48): error TS7006: Parameter 'g' implicitly has an 'any' type.
src/screens/community/GroupChallenges.tsx(61,22): error TS7006: Parameter 'group' implicitly has an 'any' type.
src/screens/community/SuccessStories.tsx(14,10): error TS2305: Module '"./CommunityHub"' has no exported member 'communityData'.
src/screens/community/SuccessStories.tsx(46,23): error TS7006: Parameter 'story' implicitly has an 'any' type.
src/screens/education/GuidedPrograms.tsx(111,19): error TS2769: No overload matches this call.
  Overload 1 of 2, '(props: LinearGradientProps): LinearGradient', gave the following error.
    Type 'string[]' is not assignable to type 'readonly [ColorValue, ColorValue, ...ColorValue[]]'.
      Source provides no match for required element at position 0 in target.
  Overload 2 of 2, '(props: LinearGradientProps, context: any): LinearGradient', gave the following error.
    Type 'string[]' is not assignable to type 'readonly [ColorValue, ColorValue, ...ColorValue[]]'.
      Source provides no match for required element at position 0 in target.
src/screens/education/GuidedPrograms.tsx(156,23): error TS2769: No overload matches this call.
  Overload 1 of 2, '(props: LinearGradientProps): LinearGradient', gave the following error.
    Type 'string[]' is not assignable to type 'readonly [ColorValue, ColorValue, ...ColorValue[]]'.
      Source provides no match for required element at position 0 in target.
  Overload 2 of 2, '(props: LinearGradientProps, context: any): LinearGradient', gave the following error.
    Type 'string[]' is not assignable to type 'readonly [ColorValue, ColorValue, ...ColorValue[]]'.
      Source provides no match for required element at position 0 in target.
src/screens/education/GuidedPrograms.tsx(169,21): error TS2769: No overload matches this call.
  Overload 1 of 2, '(props: LinearGradientProps): LinearGradient', gave the following error.
    Type 'string[]' is not assignable to type 'readonly [ColorValue, ColorValue, ...ColorValue[]]'.
      Source provides no match for required element at position 0 in target.
  Overload 2 of 2, '(props: LinearGradientProps, context: any): LinearGradient', gave the following error.
    Type 'string[]' is not assignable to type 'readonly [ColorValue, ColorValue, ...ColorValue[]]'.
      Source provides no match for required element at position 0 in target.
src/screens/education/LearningHub.tsx(144,17): error TS2769: No overload matches this call.
  Overload 1 of 2, '(props: LinearGradientProps): LinearGradient', gave the following error.
    Type 'string[]' is not assignable to type 'readonly [ColorValue, ColorValue, ...ColorValue[]]'.
      Source provides no match for required element at position 0 in target.
  Overload 2 of 2, '(props: LinearGradientProps, context: any): LinearGradient', gave the following error.
    Type 'string[]' is not assignable to type 'readonly [ColorValue, ColorValue, ...ColorValue[]]'.
      Source provides no match for required element at position 0 in target.
src/screens/games/BreathPacerGame.tsx(193,13): error TS2769: No overload matches this call.
  Overload 1 of 2, '(props: LinearGradientProps): LinearGradient', gave the following error.
    Type 'string[]' is not assignable to type 'readonly [ColorValue, ColorValue, ...ColorValue[]]'.
      Source provides no match for required element at position 0 in target.
  Overload 2 of 2, '(props: LinearGradientProps, context: any): LinearGradient', gave the following error.
    Type 'string[]' is not assignable to type 'readonly [ColorValue, ColorValue, ...ColorValue[]]'.
      Source provides no match for required element at position 0 in target.
src/screens/games/FocusMasterGame.tsx(227,17): error TS2769: No overload matches this call.
  Overload 1 of 2, '(props: LinearGradientProps): LinearGradient', gave the following error.
    Type 'string[]' is not assignable to type 'readonly [ColorValue, ColorValue, ...ColorValue[]]'.
      Source provides no match for required element at position 0 in target.
  Overload 2 of 2, '(props: LinearGradientProps, context: any): LinearGradient', gave the following error.
    Type 'string[]' is not assignable to type 'readonly [ColorValue, ColorValue, ...ColorValue[]]'.
      Source provides no match for required element at position 0 in target.
src/screens/games/ReactionTimeGame.tsx(242,13): error TS2769: No overload matches this call.
  Overload 1 of 2, '(props: LinearGradientProps): LinearGradient', gave the following error.
    Type 'string[]' is not assignable to type 'readonly [ColorValue, ColorValue, ...ColorValue[]]'.
      Source provides no match for required element at position 0 in target.
  Overload 2 of 2, '(props: LinearGradientProps, context: any): LinearGradient', gave the following error.
    Type 'string[]' is not assignable to type 'readonly [ColorValue, ColorValue, ...ColorValue[]]'.
      Source provides no match for required element at position 0 in target.
src/screens/games/UrgeFighterGame.tsx(250,19): error TS2769: No overload matches this call.
  Overload 1 of 2, '(props: LinearGradientProps): LinearGradient', gave the following error.
    Type 'string[]' is not assignable to type 'readonly [ColorValue, ColorValue, ...ColorValue[]]'.
      Source provides no match for required element at position 0 in target.
  Overload 2 of 2, '(props: LinearGradientProps, context: any): LinearGradient', gave the following error.
    Type 'string[]' is not assignable to type 'readonly [ColorValue, ColorValue, ...ColorValue[]]'.
      Source provides no match for required element at position 0 in target.
src/screens/gamification/ChallengesScreen.tsx(151,21): error TS2769: No overload matches this call.
  Overload 1 of 2, '(props: LinearGradientProps): LinearGradient', gave the following error.
    Type 'string[]' is not assignable to type 'readonly [ColorValue, ColorValue, ...ColorValue[]]'.
      Source provides no match for required element at position 0 in target.
  Overload 2 of 2, '(props: LinearGradientProps, context: any): LinearGradient', gave the following error.
    Type 'string[]' is not assignable to type 'readonly [ColorValue, ColorValue, ...ColorValue[]]'.
      Source provides no match for required element at position 0 in target.
src/screens/gamification/LeaderboardScreen.tsx(126,19): error TS2769: No overload matches this call.
  Overload 1 of 2, '(props: LinearGradientProps): LinearGradient', gave the following error.
    Type 'string[]' is not assignable to type 'readonly [ColorValue, ColorValue, ...ColorValue[]]'.
      Source provides no match for required element at position 0 in target.
  Overload 2 of 2, '(props: LinearGradientProps, context: any): LinearGradient', gave the following error.
    Type 'string[]' is not assignable to type 'readonly [ColorValue, ColorValue, ...ColorValue[]]'.
      Source provides no match for required element at position 0 in target.
src/screens/gamification/LevelsScreen.tsx(75,13): error TS2769: No overload matches this call.
  Overload 1 of 2, '(props: LinearGradientProps): LinearGradient', gave the following error.
    Type 'string[]' is not assignable to type 'readonly [ColorValue, ColorValue, ...ColorValue[]]'.
      Source provides no match for required element at position 0 in target.
  Overload 2 of 2, '(props: LinearGradientProps, context: any): LinearGradient', gave the following error.
    Type 'string[]' is not assignable to type 'readonly [ColorValue, ColorValue, ...ColorValue[]]'.
      Source provides no match for required element at position 0 in target.
src/screens/gamification/LevelsScreen.tsx(96,21): error TS2769: No overload matches this call.
  Overload 1 of 2, '(props: LinearGradientProps): LinearGradient', gave the following error.
    Type 'string[]' is not assignable to type 'readonly [ColorValue, ColorValue, ...ColorValue[]]'.
      Source provides no match for required element at position 0 in target.
  Overload 2 of 2, '(props: LinearGradientProps, context: any): LinearGradient', gave the following error.
    Type 'string[]' is not assignable to type 'readonly [ColorValue, ColorValue, ...ColorValue[]]'.
      Source provides no match for required element at position 0 in target.
src/screens/gamification/RewardsShop.tsx(149,19): error TS2769: No overload matches this call.
  Overload 1 of 2, '(props: LinearGradientProps): LinearGradient', gave the following error.
    Type 'string[]' is not assignable to type 'readonly [ColorValue, ColorValue, ...ColorValue[]]'.
      Source provides no match for required element at position 0 in target.
  Overload 2 of 2, '(props: LinearGradientProps, context: any): LinearGradient', gave the following error.
    Type 'string[]' is not assignable to type 'readonly [ColorValue, ColorValue, ...ColorValue[]]'.
      Source provides no match for required element at position 0 in target.
src/screens/habits/LogUrgeScreen.tsx(27,60): error TS2304: Cannot find name 'DARK_COLORS'.
src/screens/professional/EmergencyResources.tsx(119,15): error TS2769: No overload matches this call.
  Overload 1 of 2, '(props: LinearGradientProps): LinearGradient', gave the following error.
    Type 'string[]' is not assignable to type 'readonly [ColorValue, ColorValue, ...ColorValue[]]'.
      Source provides no match for required element at position 0 in target.
  Overload 2 of 2, '(props: LinearGradientProps, context: any): LinearGradient', gave the following error.
    Type 'string[]' is not assignable to type 'readonly [ColorValue, ColorValue, ...ColorValue[]]'.
      Source provides no match for required element at position 0 in target.
src/screens/progress/ProgressHubScreen.tsx(155,21): error TS2769: No overload matches this call.
  Overload 1 of 2, '(props: LinearGradientProps): LinearGradient', gave the following error.
    Type 'string[]' is not assignable to type 'readonly [ColorValue, ColorValue, ...ColorValue[]]'.
      Source provides no match for required element at position 0 in target.
  Overload 2 of 2, '(props: LinearGradientProps, context: any): LinearGradient', gave the following error.
    Type 'string[]' is not assignable to type 'readonly [ColorValue, ColorValue, ...ColorValue[]]'.
      Source provides no match for required element at position 0 in target.
src/screens/social/SocialSharingScreen.tsx(173,21): error TS2769: No overload matches this call.
  Overload 1 of 2, '(props: LinearGradientProps): LinearGradient', gave the following error.
    Type 'string[]' is not assignable to type 'readonly [ColorValue, ColorValue, ...ColorValue[]]'.
      Source provides no match for required element at position 0 in target.
  Overload 2 of 2, '(props: LinearGradientProps, context: any): LinearGradient', gave the following error.
    Type 'string[]' is not assignable to type 'readonly [ColorValue, ColorValue, ...ColorValue[]]'.
      Source provides no match for required element at position 0 in target.
src/screens/wellness/Meditation.tsx(85,17): error TS2769: No overload matches this call.
  Overload 1 of 2, '(props: LinearGradientProps): LinearGradient', gave the following error.
    Type 'string[]' is not assignable to type 'readonly [ColorValue, ColorValue, ...ColorValue[]]'.
      Source provides no match for required element at position 0 in target.
  Overload 2 of 2, '(props: LinearGradientProps, context: any): LinearGradient', gave the following error.
    Type 'string[]' is not assignable to type 'readonly [ColorValue, ColorValue, ...ColorValue[]]'.
      Source provides no match for required element at position 0 in target.
src/screens/wellness/Meditation.tsx(114,17): error TS2769: No overload matches this call.
  Overload 1 of 2, '(props: LinearGradientProps): LinearGradient', gave the following error.
    Type 'string[]' is not assignable to type 'readonly [ColorValue, ColorValue, ...ColorValue[]]'.
      Source provides no match for required element at position 0 in target.
  Overload 2 of 2, '(props: LinearGradientProps, context: any): LinearGradient', gave the following error.
    Type 'string[]' is not assignable to type 'readonly [ColorValue, ColorValue, ...ColorValue[]]'.
      Source provides no match for required element at position 0 in target.
src/screens/wellness/MoodTracker.tsx(105,21): error TS2769: No overload matches this call.
  Overload 1 of 2, '(props: LinearGradientProps): LinearGradient', gave the following error.
    Type 'string[]' is not assignable to type 'readonly [ColorValue, ColorValue, ...ColorValue[]]'.
      Source provides no match for required element at position 0 in target.
  Overload 2 of 2, '(props: LinearGradientProps, context: any): LinearGradient', gave the following error.
    Type 'string[]' is not assignable to type 'readonly [ColorValue, ColorValue, ...ColorValue[]]'.
      Source provides no match for required element at position 0 in target.
src/services/AIPhotoAnalysisService.ts(82,25): error TS7053: Element implicitly has an 'any' type because expression of type 'string' can't be used to index type '{ pornography: { skinQuality: number; energyLevel: number; muscleDefinition: number; }; smoking: { skinQuality: number; energyLevel: number; muscleDefinition: number; }; alcohol: { muscleDefinition: number; skinQuality: number; energyLevel: number; }; gaming: { ...; }; social_media: { ...; }; }'.
  No index signature with a parameter of type 'string' was found on type '{ pornography: { skinQuality: number; energyLevel: number; muscleDefinition: number; }; smoking: { skinQuality: number; energyLevel: number; muscleDefinition: number; }; alcohol: { muscleDefinition: number; skinQuality: number; energyLevel: number; }; gaming: { ...; }; social_media: { ...; }; }'.
src/services/CommunityService.ts(134,28): error TS2339: Property 'EncodingType' does not exist on type 'typeof import("G:/coding/transform-app/node_modules/expo-file-system/build/index")'.
src/services/NotificationService.ts(8,35): error TS2322: Type 'Promise<{ shouldShowAlert: true; shouldPlaySound: true; shouldSetBadge: true; }>' is not assignable to type 'Promise<NotificationBehavior>'.
  Type '{ shouldShowAlert: true; shouldPlaySound: true; shouldSetBadge: true; }' is missing the following properties from type 'NotificationBehavior': shouldShowBanner, shouldShowList
src/services/NotificationService.ts(111,11): error TS2322: Type '{ hour: number; minute: number; repeats: true; }' is not assignable to type 'NotificationTriggerInput'.
  Property 'type' is missing in type '{ hour: number; minute: number; repeats: true; }' but required in type 'CalendarTriggerInput'.
src/services/NotificationService.ts(147,9): error TS2322: Type '{ date: Date; }' is not assignable to type 'NotificationTriggerInput'.
  Property 'type' is missing in type '{ date: Date; }' but required in type 'DateTriggerInput'.
src/services/NotificationService.ts(160,11): error TS2322: Type '{ weekday: number; hour: number; minute: number; repeats: true; }' is not assignable to type 'NotificationTriggerInput'.
  Property 'type' is missing in type '{ weekday: number; hour: number; minute: number; repeats: true; }' but required in type 'CalendarTriggerInput'.
src/services/NotificationService.ts(213,13): error TS2322: Type '{ hour: number; minute: number; repeats: true; }' is not assignable to type 'NotificationTriggerInput'.
  Property 'type' is missing in type '{ hour: number; minute: number; repeats: true; }' but required in type 'CalendarTriggerInput'.
src/services/NotificationService.ts(268,11): error TS2322: Type '{ weekday: number; hour: number; minute: number; repeats: true; }' is not assignable to type 'NotificationTriggerInput'.
  Property 'type' is missing in type '{ weekday: number; hour: number; minute: number; repeats: true; }' but required in type 'CalendarTriggerInput'.
src/services/NotificationService.ts(330,11): error TS2322: Type '{ hour: number; minute: number; repeats: true; }' is not assignable to type 'NotificationTriggerInput'.
  Property 'type' is missing in type '{ hour: number; minute: number; repeats: true; }' but required in type 'CalendarTriggerInput'.
src/services/NotificationService.ts(422,21): error TS2339: Property 'removeNotificationSubscription' does not exist on type 'typeof import("G:/coding/transform-app/node_modules/expo-notifications/build/index")'.
src/services/NotificationService.ts(425,21): error TS2339: Property 'removeNotificationSubscription' does not exist on type 'typeof import("G:/coding/transform-app/node_modules/expo-notifications/build/index")'.
src/store/communityStore.ts(100,34): error TS2322: Type 'null' is not assignable to type 'string | undefined'.
src/store/communityStore.ts(131,33): error TS2345: Argument of type 'string | null' is not assignable to parameter of type 'string | undefined'.
  Type 'null' is not assignable to type 'string | undefined'.
src/utils/analytics.ts(1,10): error TS2459: Module '"../store/habitStore"' declares 'Habit' locally, but it is not exported.
src/utils/analytics.ts(1,17): error TS2459: Module '"../store/habitStore"' declares 'UrgeLog' locally, but it is not exported.
src/utils/analytics.ts(245,51): error TS18004: No value exists in scope for the shorthand property 'currentSuccessStreak'. Either declare one or provide an initializer.
src/utils/constants.ts(70,21): error TS2339: Property 'gradientOrange' does not exist on type '{ primary: string; primaryDark: string; primaryLight: string; accent: string; success: string; warning: string; error: string; background: string; backgroundSecondary: string; surface: string; ... 12 more ...; habitGradients: { ...; }; }'.
